
> dohsh-safety-site@0.1.0 build
> next build

   ▲ Next.js 15.5.15

   Creating an optimized production build ...
Failed to compile.

./app/globals.css
Module not found: Can't resolve './&'

https://nextjs.org/docs/messages/module-not-found

Import trace for requested module:
./app/globals.css

./app/globals.css
HookWebpackError: Cannot find module './&'
    at tryRunOrWebpackError (/home/darktailor/Documents/App Dev/DOHSH/oh-dohsh-landing/node_modules/next/dist/compiled/webpack/bundle5.js:29:316119)
    at __webpack_require_module__ (/home/darktailor/Documents/App Dev/DOHSH/oh-dohsh-landing/node_modules/next/dist/compiled/webpack/bundle5.js:29:131532)
    at __nested_webpack_require_161494__ (/home/darktailor/Documents/App Dev/DOHSH/oh-dohsh-landing/node_modules/next/dist/compiled/webpack/bundle5.js:29:130967)
    at /home/darktailor/Documents/App Dev/DOHSH/oh-dohsh-landing/node_modules/next/dist/compiled/webpack/bundle5.js:29:131824
    at symbolIterator (/home/darktailor/Documents/App Dev/DOHSH/oh-dohsh-landing/node_modules/next/dist/compiled/neo-async/async.js:1:14444)
    at done (/home/darktailor/Documents/App Dev/DOHSH/oh-dohsh-landing/node_modules/next/dist/compiled/neo-async/async.js:1:14824)
    at Hook.eval [as callAsync] (eval at create (/home/darktailor/Documents/App Dev/DOHSH/oh-dohsh-landing/node_modules/next/dist/compiled/webpack/bundle5.js:14:9224), <anonymous>:15:1)
    at /home/darktailor/Documents/App Dev/DOHSH/oh-dohsh-landing/node_modules/next/dist/compiled/webpack/bundle5.js:29:130687
    at symbolIterator (/home/darktailor/Documents/App Dev/DOHSH/oh-dohsh-landing/node_modules/next/dist/compiled/neo-async/async.js:1:14402)
    at timesSync (/home/darktailor/Documents/App Dev/DOHSH/oh-dohsh-landing/node_modules/next/dist/compiled/neo-async/async.js:1:5027)
-- inner error --
Error: Cannot find module './&'
    at webpackMissingModule (/home/darktailor/Documents/App Dev/DOHSH/oh-dohsh-landing/node_modules/next/dist/build/webpack/loaders/css-loader/src/index.js??ruleSet[1].rules[14].oneOf[10].use[2]!/home/darktailor/Documents/App Dev/DOHSH/oh-dohsh-landing/node_modules/next/dist/build/webpack/loaders/postcss-loader/src/index.js??ruleSet[1].rules[14].oneOf[10].use[3]!/home/darktailor/Documents/App Dev/DOHSH/oh-dohsh-landing/app/globals.css:9:50)
    at Module.<anonymous> (/home/darktailor/Documents/App Dev/DOHSH/oh-dohsh-landing/node_modules/next/dist/build/webpack/loaders/css-loader/src/index.js??ruleSet[1].rules[14].oneOf[10].use[2]!/home/darktailor/Documents/App Dev/DOHSH/oh-dohsh-landing/node_modules/next/dist/build/webpack/loaders/postcss-loader/src/index.js??ruleSet[1].rules[14].oneOf[10].use[3]!/home/darktailor/Documents/App Dev/DOHSH/oh-dohsh-landing/app/globals.css:9:128)
    at /home/darktailor/Documents/App Dev/DOHSH/oh-dohsh-landing/node_modules/next/dist/compiled/webpack/bundle5.js:29:962717
    at Hook.eval [as call] (eval at create (/home/darktailor/Documents/App Dev/DOHSH/oh-dohsh-landing/node_modules/next/dist/compiled/webpack/bundle5.js:14:9002), <anonymous>:7:1)
    at /home/darktailor/Documents/App Dev/DOHSH/oh-dohsh-landing/node_modules/next/dist/compiled/webpack/bundle5.js:29:131565
    at tryRunOrWebpackError (/home/darktailor/Documents/App Dev/DOHSH/oh-dohsh-landing/node_modules/next/dist/compiled/webpack/bundle5.js:29:316073)
    at __webpack_require_module__ (/home/darktailor/Documents/App Dev/DOHSH/oh-dohsh-landing/node_modules/next/dist/compiled/webpack/bundle5.js:29:131532)
    at __nested_webpack_require_161494__ (/home/darktailor/Documents/App Dev/DOHSH/oh-dohsh-landing/node_modules/next/dist/compiled/webpack/bundle5.js:29:130967)
    at /home/darktailor/Documents/App Dev/DOHSH/oh-dohsh-landing/node_modules/next/dist/compiled/webpack/bundle5.js:29:131824
    at symbolIterator (/home/darktailor/Documents/App Dev/DOHSH/oh-dohsh-landing/node_modules/next/dist/compiled/neo-async/async.js:1:14444)

Generated code for /home/darktailor/Documents/App Dev/DOHSH/oh-dohsh-landing/node_modules/next/dist/build/webpack/loaders/css-loader/src/index.js??ruleSet[1].rules[14].oneOf[10].use[2]!/home/darktailor/Documents/App Dev/DOHSH/oh-dohsh-landing/node_modules/next/dist/build/webpack/loaders/postcss-loader/src/index.js??ruleSet[1].rules[14].oneOf[10].use[3]!/home/darktailor/Documents/App Dev/DOHSH/oh-dohsh-landing/app/globals.css
 1 | __webpack_require__.r(__webpack_exports__);
 2 | /* harmony export */ __webpack_require__.d(__webpack_exports__, {
 3 | /* harmony export */   "default": () => (__WEBPACK_DEFAULT_EXPORT__)
 4 | /* harmony export */ });
 5 | /* harmony import */ var _node_modules_next_dist_build_webpack_loaders_css_loader_src_runtime_api_js__WEBPACK_IMPORTED_MODULE_0__ = __webpack_require__("/home/darktailor/Documents/App Dev/DOHSH/oh-dohsh-landing/node_modules/next/dist/build/webpack/loaders/css-loader/src/runtime/api.js");
 6 | /* harmony import */ var _node_modules_next_dist_build_webpack_loaders_css_loader_src_runtime_api_js__WEBPACK_IMPORTED_MODULE_0___default = /*#__PURE__*/__webpack_require__.n(_node_modules_next_dist_build_webpack_loaders_css_loader_src_runtime_api_js__WEBPACK_IMPORTED_MODULE_0__);
 7 | /* harmony import */ var _node_modules_next_dist_build_webpack_loaders_css_loader_src_runtime_getUrl_js__WEBPACK_IMPORTED_MODULE_1__ = __webpack_require__("/home/darktailor/Documents/App Dev/DOHSH/oh-dohsh-landing/node_modules/next/dist/build/webpack/loaders/css-loader/src/runtime/getUrl.js");
 8 | /* harmony import */ var _node_modules_next_dist_build_webpack_loaders_css_loader_src_runtime_getUrl_js__WEBPACK_IMPORTED_MODULE_1___default = /*#__PURE__*/__webpack_require__.n(_node_modules_next_dist_build_webpack_loaders_css_loader_src_runtime_getUrl_js__WEBPACK_IMPORTED_MODULE_1__);
 9 | Object(function webpackMissingModule() { var e = new Error("Cannot find module './&'"); e.code = 'MODULE_NOT_FOUND'; throw e; }());
10 | // Imports
11 | 
12 | 
13 | 
14 | var ___CSS_LOADER_EXPORT___ = _node_modules_next_dist_build_webpack_loaders_css_loader_src_runtime_api_js__WEBPACK_IMPORTED_MODULE_0___default()(false);
15 | var ___CSS_LOADER_URL_REPLACEMENT_0___ = _node_modules_next_dist_build_webpack_loaders_css_loader_src_runtime_getUrl_js__WEBPACK_IMPORTED_MODULE_1___default()(Object(function webpackMissingModule() { var e = new Error("Cannot find module './&'"); e.code = 'MODULE_NOT_FOUND'; throw e; }()), { hash: "#x27;https://www.transparenttextures.com/patterns/cubes.png&" });
16 | // Module
17 | ___CSS_LOADER_EXPORT___.push([module.id, "/*! tailwindcss v4.1.18 | MIT License | https://tailwindcss.com */\n@layer properties{@supports (((-webkit-hyphens:none)) and (not (margin-trim:inline))) or ((-moz-orient:inline) and (not (color:rgb(from red r g b)))){*,:before,:after,::backdrop{--tw-translate-x:0;--tw-translate-y:0;--tw-translate-z:0;--tw-rotate-x:initial;--tw-rotate-y:initial;--tw-rotate-z:initial;--tw-skew-x:initial;--tw-skew-y:initial;--tw-space-y-reverse:0;--tw-space-x-reverse:0;--tw-border-style:solid;--tw-gradient-position:initial;--tw-gradient-from:#0000;--tw-gradient-via:#0000;--tw-gradient-to:#0000;--tw-gradient-stops:initial;--tw-gradient-via-stops:initial;--tw-gradient-from-position:0%;--tw-gradient-via-position:50%;--tw-gradient-to-position:100%;--tw-leading:initial;--tw-font-weight:initial;--tw-tracking:initial;--tw-shadow:0 0 #0000;--tw-shadow-color:initial;--tw-shadow-alpha:100%;--tw-inset-shadow:0 0 #0000;--tw-inset-shadow-color:initial;--tw-inset-shadow-alpha:100%;--tw-ring-color:initial;--tw-ring-shadow:0 0 #0000;--tw-inset-ring-color:initial;--tw-inset-ring-shadow:0 0 #0000;--tw-ring-inset:initial;--tw-ring-offset-width:0px;--tw-ring-offset-color:#fff;--tw-ring-offset-shadow:0 0 #0000;--tw-outline-style:solid;--tw-blur:initial;--tw-brightness:initial;--tw-contrast:initial;--tw-grayscale:initial;--tw-hue-rotate:initial;--tw-invert:initial;--tw-opacity:initial;--tw-saturate:initial;--tw-sepia:initial;--tw-drop-shadow:initial;--tw-drop-shadow-color:initial;--tw-drop-shadow-alpha:100%;--tw-drop-shadow-size:initial;--tw-duration:initial;--tw-ease:initial;--tw-scale-x:1;--tw-scale-y:1;--tw-scale-z:1;--tw-content:\"\"}}}@layer theme{:root,:host{--font-sans:var(--font-inter);--font-serif:ui-serif,Georgia,Cambria,\"Times New Roman\",Times,serif;--font-mono:ui-monospace,SFMono-Regular,Menlo,Monaco,Consolas,\"Liberation Mono\",\"Courier New\",monospace;--color-green-50:oklch(98.2% .018 155.826);--color-green-500:oklch(72.3% .219 149.579);--color-green-600:oklch(62.7% .194 149.214);--color-green-800:oklch(44.8% .119 151.328);--color-teal-50:oklch(98.4% .014 180.72);--color-blue-50:oklch(97% .014 254.604);--color-blue-100:oklch(93.2% .032 255.585);--color-blue-200:oklch(88.2% .059 254.128);--color-blue-500:oklch(62.3% .214 259.815);--color-blue-600:oklch(54.6% .245 262.881);--color-indigo-500:oklch(58.5% .233 277.117);--color-gray-50:oklch(98.5% .002 247.839);--color-gray-100:oklch(96.7% .003 264.542);--color-gray-200:oklch(92.8% .006 264.531);--color-gray-300:oklch(87.2% .01 258.338);--color-gray-400:oklch(70.7% .022 261.325);--color-gray-500:oklch(55.1% .027 264.364);--color-gray-600:oklch(44.6% .03 256.802);--color-gray-700:oklch(37.3% .034 259.733);--color-gray-800:oklch(27.8% .033 256.848);--color-gray-900:oklch(21% .034 264.665);--color-black:#000;--color-white:#fff;--spacing:.25rem;--container-xs:20rem;--container-sm:24rem;--container-md:28rem;--container-lg:32rem;--container-xl:36rem;--container-2xl:42rem;--container-3xl:48rem;--container-4xl:56rem;--container-5xl:64rem;--container-7xl:80rem;--text-xs:.75rem;--text-xs--line-height:calc(1/.75);--text-sm:.875rem;--text-sm--line-height:calc(1.25/.875);--text-base:1rem;--text-base--line-height:calc(1.5/1);--text-lg:1.125rem;--text-lg--line-height:calc(1.75/1.125);--text-xl:1.25rem;--text-xl--line-height:calc(1.75/1.25);--text-2xl:1.5rem;--text-2xl--line-height:calc(2/1.5);--text-3xl:1.875rem;--text-3xl--line-height:calc(2.25/1.875);--text-4xl:2.25rem;--text-4xl--line-height:calc(2.5/2.25);--text-5xl:3rem;--text-5xl--line-height:1;--text-6xl:3.75rem;--text-6xl--line-height:1;--font-weight-light:300;--font-weight-medium:500;--font-weight-semibold:600;--font-weight-bold:700;--font-weight-extrabold:800;--tracking-tight:-.025em;--tracking-wide:.025em;--tracking-wider:.05em;--tracking-widest:.1em;--leading-tight:1.25;--leading-snug:1.375;--leading-relaxed:1.625;--radius-sm:.25rem;--radius-md:.375rem;--radius-lg:.5rem;--radius-xl:.75rem;--radius-2xl:1rem;--radius-3xl:1.5rem;--ease-in:cubic-bezier(.4,0,1,1);--ease-out:cubic-bezier(0,0,.2,1);--ease-in-out:cubic-bezier(.4,0,.2,1);--default-transition-duration:.15s;--default-transition-timing-function:cubic-bezier(.4,0,.2,1);--default-font-family:var(--font-sans);--default-mono-font-family:var(--font-mono);--color-primary:#00b9eb;--color-secondary:#0092ce;--color-dark:#333;--color-light:#f8f9fa;--font-heading:var(--font-barlow)}}@layer base{*,:after,:before,::backdrop{box-sizing:border-box;border:0 solid;margin:0;padding:0}::file-selector-button{box-sizing:border-box;border:0 solid;margin:0;padding:0}html,:host{-webkit-text-size-adjust:100%;tab-size:4;line-height:1.5;font-family:var(--default-font-family,ui-sans-serif,system-ui,sans-serif,\"Apple Color Emoji\",\"Segoe UI Emoji\",\"Segoe UI Symbol\",\"Noto Color Emoji\");font-feature-settings:var(--default-font-feature-settings,normal);font-variation-settings:var(--default-font-variation-settings,normal);-webkit-tap-highlight-color:transparent}hr{height:0;color:inherit;border-top-width:1px}abbr:where([title]){-webkit-text-decoration:underline dotted;text-decoration:underline dotted}h1,h2,h3,h4,h5,h6{font-size:inherit;font-weight:inherit}a{color:inherit;-webkit-text-decoration:inherit;-webkit-text-decoration:inherit;-webkit-text-decoration:inherit;text-decoration:inherit}b,strong{font-weight:bolder}code,kbd,samp,pre{font-family:var(--default-mono-font-family,ui-monospace,SFMono-Regular,Menlo,Monaco,Consolas,\"Liberation Mono\",\"Courier New\",monospace);font-feature-settings:var(--default-mono-font-feature-settings,normal);font-variation-settings:var(--default-mono-font-variation-settings,normal);font-size:1em}small{font-size:80%}sub,sup{vertical-align:baseline;font-size:75%;line-height:0;position:relative}sub{bottom:-.25em}sup{top:-.5em}table{text-indent:0;border-color:inherit;border-collapse:collapse}:-moz-focusring{outline:auto}progress{vertical-align:baseline}summary{display:list-item}ol,ul,menu{list-style:none}img,svg,video,canvas,audio,iframe,embed,object{vertical-align:middle;display:block}img,video{max-width:100%;height:auto}button,input,select,optgroup,textarea{font:inherit;font-feature-settings:inherit;font-variation-settings:inherit;letter-spacing:inherit;color:inherit;opacity:1;background-color:#0000;border-radius:0}::file-selector-button{font:inherit;font-feature-settings:inherit;font-variation-settings:inherit;letter-spacing:inherit;color:inherit;opacity:1;background-color:#0000;border-radius:0}:where(select:is([multiple],[size])) optgroup{font-weight:bolder}:where(select:is([multiple],[size])) optgroup option{padding-inline-start:20px}::file-selector-button{margin-inline-end:4px}::placeholder{opacity:1}@supports (not ((-webkit-appearance:-apple-pay-button))) or (contain-intrinsic-size:1px){::placeholder{color:currentColor}@supports (color:color-mix(in lab, red, red)){::placeholder{color:color-mix(in oklab,currentcolor 50%,transparent)}}}textarea{resize:vertical}::-webkit-search-decoration{-webkit-appearance:none}::-webkit-date-and-time-value{min-height:1lh;text-align:inherit}::-webkit-datetime-edit{display:inline-flex}::-webkit-datetime-edit-fields-wrapper{padding:0}::-webkit-datetime-edit{padding-block:0}::-webkit-datetime-edit-year-field{padding-block:0}::-webkit-datetime-edit-month-field{padding-block:0}::-webkit-datetime-edit-day-field{padding-block:0}::-webkit-datetime-edit-hour-field{padding-block:0}::-webkit-datetime-edit-minute-field{padding-block:0}::-webkit-datetime-edit-second-field{padding-block:0}::-webkit-datetime-edit-millisecond-field{padding-block:0}::-webkit-datetime-edit-meridiem-field{padding-block:0}::-webkit-calendar-picker-indicator{line-height:1}:-moz-ui-invalid{box-shadow:none}button,input:where([type=button],[type=reset],[type=submit]){appearance:button}::file-selector-button{appearance:button}::-webkit-inner-spin-button{height:auto}::-webkit-outer-spin-button{height:auto}[hidden]:where(:not([hidden=until-found])){display:none!important}}@layer components;@layer utilities{.pointer-events-none{pointer-events:none}.visible{visibility:visible}.absolute{position:absolute}.fixed{position:fixed}.relative{position:relative}.static{position:static}.sticky{position:sticky}.inset-0{inset:calc(var(--spacing)*0)}.-top-6{top:calc(var(--spacing)*-6)}.top-0{top:calc(var(--spacing)*0)}.top-1\\/2{top:50%}.top-2{top:calc(var(--spacing)*2)}.top-3{top:calc(var(--spacing)*3)}.top-4{top:calc(var(--spacing)*4)}.right-0{right:calc(var(--spacing)*0)}.right-4{right:calc(var(--spacing)*4)}.right-\\[5\\%\\]{right:5%}.bottom-0{bottom:calc(var(--spacing)*0)}.bottom-4{bottom:calc(var(--spacing)*4)}.-left-4{left:calc(var(--spacing)*-4)}.left-0{left:calc(var(--spacing)*0)}.left-1\\/2{left:50%}.left-3{left:calc(var(--spacing)*3)}.left-4{left:calc(var(--spacing)*4)}.left-6{left:calc(var(--spacing)*6)}.z-0{z-index:0}.z-10{z-index:10}.z-50{z-index:50}.z-\\[1\\]{z-index:1}.z-\\[2\\]{z-index:2}.z-\\[4\\]{z-index:4}.m-3{margin:calc(var(--spacing)*3)}.mx-auto{margin-inline:auto}.my-3{margin-block:calc(var(--spacing)*3)}.-mt-16{margin-top:calc(var(--spacing)*-16)}.mt-0\\.5{margin-top:calc(var(--spacing)*.5)}.mt-1{margin-top:calc(var(--spacing)*1)}.mt-2{margin-top:calc(var(--spacing)*2)}.mt-3{margin-top:calc(var(--spacing)*3)}.mt-4{margin-top:calc(var(--spacing)*4)}.mt-5{margin-top:calc(var(--spacing)*5)}.mt-6{margin-top:calc(var(--spacing)*6)}.mt-10{margin-top:calc(var(--spacing)*10)}.mt-12{margin-top:calc(var(--spacing)*12)}.mt-16{margin-top:calc(var(--spacing)*16)}.mb-1{margin-bottom:calc(var(--spacing)*1)}.mb-2{margin-bottom:calc(var(--spacing)*2)}.mb-3{margin-bottom:calc(var(--spacing)*3)}.mb-4{margin-bottom:calc(var(--spacing)*4)}.mb-5{margin-bottom:calc(var(--spacing)*5)}.mb-6{margin-bottom:calc(var(--spacing)*6)}.mb-7{margin-bottom:calc(var(--spacing)*7)}.mb-8{margin-bottom:calc(var(--spacing)*8)}.mb-10{margin-bottom:calc(var(--spacing)*10)}.mb-12{margin-bottom:calc(var(--spacing)*12)}.mb-16{margin-bottom:calc(var(--spacing)*16)}.mb-20{margin-bottom:calc(var(--spacing)*20)}.ml-1{margin-left:calc(var(--spacing)*1)}.ml-2{margin-left:calc(var(--spacing)*2)}.block{display:block}.contents{display:contents}.flex{display:flex}.grid{display:grid}.hidden{display:none}.inline{display:inline}.inline-block{display:inline-block}.inline-flex{display:inline-flex}.h-1{height:calc(var(--spacing)*1)}.h-3{height:calc(var(--spacing)*3)}.h-4{height:calc(var(--spacing)*4)}.h-5{height:calc(var(--spacing)*5)}.h-6{height:calc(var(--spacing)*6)}.h-7{height:calc(var(--spacing)*7)}.h-8{height:calc(var(--spacing)*8)}.h-9{height:calc(var(--spacing)*9)}.h-10{height:calc(var(--spacing)*10)}.h-12{height:calc(var(--spacing)*12)}.h-14{height:calc(var(--spacing)*14)}.h-16{height:calc(var(--spacing)*16)}.h-20{height:calc(var(--spacing)*20)}.h-28{height:calc(var(--spacing)*28)}.h-32{height:calc(var(--spacing)*32)}.h-36{height:calc(var(--spacing)*36)}.h-40{height:calc(var(--spacing)*40)}.h-56{height:calc(var(--spacing)*56)}.h-80{height:calc(var(--spacing)*80)}.h-\\[3px\\]{height:3px}.h-\\[300px\\]{height:300px}.h-\\[320px\\]{height:320px}.h-\\[400px\\]{height:400px}.h-\\[500px\\]{height:500px}.h-auto{height:auto}.h-fit{height:fit-content}.h-full{height:100%}.h-px{height:1px}.min-h-0{min-height:calc(var(--spacing)*0)}.min-h-screen{min-height:100vh}.w-1\\.5{width:calc(var(--spacing)*1.5)}.w-1\\/2{width:50%}.w-3{width:calc(var(--spacing)*3)}.w-4{width:calc(var(--spacing)*4)}.w-5{width:calc(var(--spacing)*5)}.w-6{width:calc(var(--spacing)*6)}.w-7{width:calc(var(--spacing)*7)}.w-8{width:calc(var(--spacing)*8)}.w-9{width:calc(var(--spacing)*9)}.w-10{width:calc(var(--spacing)*10)}.w-12{width:calc(var(--spacing)*12)}.w-14{width:calc(var(--spacing)*14)}.w-16{width:calc(var(--spacing)*16)}.w-28{width:calc(var(--spacing)*28)}.w-32{width:calc(var(--spacing)*32)}.w-36{width:calc(var(--spacing)*36)}.w-40{width:calc(var(--spacing)*40)}.w-\\[2px\\]{width:2px}.w-auto{width:auto}.w-full{width:100%}.max-w-2xl{max-width:var(--container-2xl)}.max-w-3xl{max-width:var(--container-3xl)}.max-w-4xl{max-width:var(--container-4xl)}.max-w-5xl{max-width:var(--container-5xl)}.max-w-7xl{max-width:var(--container-7xl)}.max-w-\\[390px\\]{max-width:390px}.max-w-\\[420px\\]{max-width:420px}.max-w-full{max-width:100%}.max-w-lg{max-width:var(--container-lg)}.max-w-md{max-width:var(--container-md)}.max-w-sm{max-width:var(--container-sm)}.max-w-xl{max-width:var(--container-xl)}.max-w-xs{max-width:var(--container-xs)}.flex-1{flex:1}.flex-shrink-0,.shrink-0{flex-shrink:0}.grow{flex-grow:1}.origin-top{transform-origin:top}.-translate-x-1\\/2{--tw-translate-x:calc(calc(1/2*100%)*-1);translate:var(--tw-translate-x)var(--tw-translate-y)}.-translate-y-1\\/2{--tw-translate-y:calc(calc(1/2*100%)*-1);translate:var(--tw-translate-x)var(--tw-translate-y)}.transform{transform:var(--tw-rotate-x,)var(--tw-rotate-y,)var(--tw-rotate-z,)var(--tw-skew-x,)var(--tw-skew-y,)}.cursor-pointer{cursor:pointer}.resize{resize:both}.list-decimal{list-style-type:decimal}.list-disc{list-style-type:disc}.grid-cols-1{grid-template-columns:repeat(1,minmax(0,1fr))}.grid-cols-2{grid-template-columns:repeat(2,minmax(0,1fr))}.flex-col{flex-direction:column}.flex-wrap{flex-wrap:wrap}.items-center{align-items:center}.items-start{align-items:flex-start}.justify-between{justify-content:space-between}.justify-center{justify-content:center}.gap-0{gap:calc(var(--spacing)*0)}.gap-0\\.5{gap:calc(var(--spacing)*.5)}.gap-1{gap:calc(var(--spacing)*1)}.gap-1\\.5{gap:calc(var(--spacing)*1.5)}.gap-2{gap:calc(var(--spacing)*2)}.gap-2\\.5{gap:calc(var(--spacing)*2.5)}.gap-3{gap:calc(var(--spacing)*3)}.gap-4{gap:calc(var(--spacing)*4)}.gap-5{gap:calc(var(--spacing)*5)}.gap-6{gap:calc(var(--spacing)*6)}.gap-8{gap:calc(var(--spacing)*8)}.gap-12{gap:calc(var(--spacing)*12)}.gap-16{gap:calc(var(--spacing)*16)}:where(.space-y-1>:not(:last-child)){--tw-space-y-reverse:0;margin-block-start:calc(calc(var(--spacing)*1)*var(--tw-space-y-reverse));margin-block-end:calc(calc(var(--spacing)*1)*calc(1 - var(--tw-space-y-reverse)))}:where(.space-y-2>:not(:last-child)){--tw-space-y-reverse:0;margin-block-start:calc(calc(var(--spacing)*2)*var(--tw-space-y-reverse));margin-block-end:calc(calc(var(--spacing)*2)*calc(1 - var(--tw-space-y-reverse)))}:where(.space-y-3>:not(:last-child)){--tw-space-y-reverse:0;margin-block-start:calc(calc(var(--spacing)*3)*var(--tw-space-y-reverse));margin-block-end:calc(calc(var(--spacing)*3)*calc(1 - var(--tw-space-y-reverse)))}:where(.space-y-4>:not(:last-child)){--tw-space-y-reverse:0;margin-block-start:calc(calc(var(--spacing)*4)*var(--tw-space-y-reverse));margin-block-end:calc(calc(var(--spacing)*4)*calc(1 - var(--tw-space-y-reverse)))}:where(.space-y-6>:not(:last-child)){--tw-space-y-reverse:0;margin-block-start:calc(calc(var(--spacing)*6)*var(--tw-space-y-reverse));margin-block-end:calc(calc(var(--spacing)*6)*calc(1 - var(--tw-space-y-reverse)))}:where(.space-y-8>:not(:last-child)){--tw-space-y-reverse:0;margin-block-start:calc(calc(var(--spacing)*8)*var(--tw-space-y-reverse));margin-block-end:calc(calc(var(--spacing)*8)*calc(1 - var(--tw-space-y-reverse)))}:where(.space-y-10>:not(:last-child)){--tw-space-y-reverse:0;margin-block-start:calc(calc(var(--spacing)*10)*var(--tw-space-y-reverse));margin-block-end:calc(calc(var(--spacing)*10)*calc(1 - var(--tw-space-y-reverse)))}:where(.space-y-24>:not(:last-child)){--tw-space-y-reverse:0;margin-block-start:calc(calc(var(--spacing)*24)*var(--tw-space-y-reverse));margin-block-end:calc(calc(var(--spacing)*24)*calc(1 - var(--tw-space-y-reverse)))}:where(.space-x-4>:not(:last-child)){--tw-space-x-reverse:0;margin-inline-start:calc(calc(var(--spacing)*4)*var(--tw-space-x-reverse));margin-inline-end:calc(calc(var(--spacing)*4)*calc(1 - var(--tw-space-x-reverse)))}:where(.space-x-8>:not(:last-child)){--tw-space-x-reverse:0;margin-inline-start:calc(calc(var(--spacing)*8)*var(--tw-space-x-reverse));margin-inline-end:calc(calc(var(--spacing)*8)*calc(1 - var(--tw-space-x-reverse)))}.self-center{align-self:center}.self-start{align-self:flex-start}.overflow-hidden{overflow:hidden}.scroll-smooth{scroll-behavior:smooth}.rounded{border-radius:.25rem}.rounded-2xl{border-radius:var(--radius-2xl)}.rounded-3xl{border-radius:var(--radius-3xl)}.rounded-full{border-radius:3.40282e38px}.rounded-lg{border-radius:var(--radius-lg)}.rounded-md{border-radius:var(--radius-md)}.rounded-sm{border-radius:var(--radius-sm)}.rounded-xl{border-radius:var(--radius-xl)}.rounded-l-xl{border-top-left-radius:var(--radius-xl);border-bottom-left-radius:var(--radius-xl)}.border{border-style:var(--tw-border-style);border-width:1px}.border-2{border-style:var(--tw-border-style);border-width:2px}.border-4{border-style:var(--tw-border-style);border-width:4px}.border-\\[1\\.5px\\]{border-style:var(--tw-border-style);border-width:1.5px}.border-t{border-top-style:var(--tw-border-style);border-top-width:1px}.border-r{border-right-style:var(--tw-border-style);border-right-width:1px}.border-b{border-bottom-style:var(--tw-border-style);border-bottom-width:1px}.border-l-4{border-left-style:var(--tw-border-style);border-left-width:4px}.border-l-8{border-left-style:var(--tw-border-style);border-left-width:8px}.border-\\[\\#01B9EB\\]\\/15{border-color:oklab(73.1925% -.0970988 -.100718/.15)}.border-\\[\\#01B9EB\\]\\/18{border-color:oklab(73.1925% -.0970988 -.100718/.18)}.border-\\[\\#0092CE\\]{border-color:#0092ce}.border-\\[\\#0092CE\\]\\/10{border-color:oklab(62.4738% -.0746965 -.113024/.1)}.border-\\[\\#0092CE\\]\\/12{border-color:oklab(62.4738% -.0746965 -.113024/.12)}.border-\\[\\#0092CE\\]\\/15{border-color:oklab(62.4738% -.0746965 -.113024/.15)}.border-\\[\\#0092CE\\]\\/20{border-color:oklab(62.4738% -.0746965 -.113024/.2)}.border-\\[\\#0092CE\\]\\/45{border-color:oklab(62.4738% -.0746965 -.113024/.45)}.border-blue-100{border-color:var(--color-blue-100)}.border-blue-200{border-color:var(--color-blue-200)}.border-gray-100{border-color:var(--color-gray-100)}.border-gray-200{border-color:var(--color-gray-200)}.border-gray-300{border-color:var(--color-gray-300)}.border-gray-800{border-color:var(--color-gray-800)}.border-green-500{border-color:var(--color-green-500)}.border-primary{border-color:var(--color-primary)}.border-secondary{border-color:var(--color-secondary)}.border-white{border-color:var(--color-white)}.border-white\\/10{border-color:#ffffff1a}@supports (color:color-mix(in lab, red, red)){.border-white\\/10{border-color:color-mix(in oklab,var(--color-white)10%,transparent)}}.border-white\\/20{border-color:#fff3}@supports (color:color-mix(in lab, red, red)){.border-white\\/20{border-color:color-mix(in oklab,var(--color-white)20%,transparent)}}.border-white\\/30{border-color:#ffffff4d}@supports (color:color-mix(in lab, red, red)){.border-white\\/30{border-color:color-mix(in oklab,var(--color-white)30%,transparent)}}.border-white\\/60{border-color:#fff9}@supports (color:color-mix(in lab, red, red)){.border-white\\/60{border-color:color-mix(in oklab,var(--color-white)60%,transparent)}}.border-white\\/\\[0\\.08\\]{border-color:#ffffff14}@supports (color:color-mix(in lab, red, red)){.border-white\\/\\[0\\.08\\]{border-color:color-mix(in oklab,var(--color-white)8%,transparent)}}.bg-\\[\\#001E3C\\]{background-color:#001e3c}.bg-\\[\\#01B9EB\\]{background-color:#01b9eb}.bg-\\[\\#1a1a1a\\]{background-color:#1a1a1a}.bg-\\[\\#0092CE\\]{background-color:#0092ce}.bg-\\[\\#0092CE\\]\\/25{background-color:oklab(62.4738% -.0746965 -.113024/.25)}.bg-\\[\\#0092CE\\]\\/\\[0\\.04\\]{background-color:oklab(62.4738% -.0746965 -.113024/.04)}.bg-\\[\\#D5ECF7\\]{background-color:#d5ecf7}.bg-\\[\\#D8EEF8\\]{background-color:#d8eef8}.bg-\\[\\#D9EFF9\\]{background-color:#d9eff9}.bg-\\[\\#DFF0F9\\]{background-color:#dff0f9}.bg-\\[\\#E5F4FA\\]{background-color:#e5f4fa}.bg-\\[\\#E8F5FC\\]{background-color:#e8f5fc}.bg-\\[\\#EBF6FC\\]{background-color:#ebf6fc}.bg-\\[\\#EDF7FC\\]{background-color:#edf7fc}.bg-\\[\\#F4FAFD\\]{background-color:#f4fafd}.bg-\\[\\#F8FBFE\\]{background-color:#f8fbfe}.bg-\\[\\#f5fafd\\]{background-color:#f5fafd}.bg-\\[\\#f8f9fa\\]{background-color:#f8f9fa}.bg-blue-50{background-color:var(--color-blue-50)}.bg-blue-100{background-color:var(--color-blue-100)}.bg-blue-600{background-color:var(--color-blue-600)}.bg-dark{background-color:var(--color-dark)}.bg-gray-50{background-color:var(--color-gray-50)}.bg-gray-100{background-color:var(--color-gray-100)}.bg-gray-200{background-color:var(--color-gray-200)}.bg-green-50{background-color:var(--color-green-50)}.bg-light{background-color:var(--color-light)}.bg-primary{background-color:var(--color-primary)}.bg-primary\\/10{background-color:#00b9eb1a}@supports (color:color-mix(in lab, red, red)){.bg-primary\\/10{background-color:color-mix(in oklab,var(--color-primary)10%,transparent)}}.bg-primary\\/80{background-color:#00b9ebcc}@supports (color:color-mix(in lab, red, red)){.bg-primary\\/80{background-color:color-mix(in oklab,var(--color-primary)80%,transparent)}}.bg-secondary{background-color:var(--color-secondary)}.bg-secondary\\/10{background-color:#0092ce1a}@supports (color:color-mix(in lab, red, red)){.bg-secondary\\/10{background-color:color-mix(in oklab,var(--color-secondary)10%,transparent)}}.bg-secondary\\/70{background-color:#0092ceb3}@supports (color:color-mix(in lab, red, red)){.bg-secondary\\/70{background-color:color-mix(in oklab,var(--color-secondary)70%,transparent)}}.bg-teal-50{background-color:var(--color-teal-50)}.bg-white{background-color:var(--color-white)}.bg-white\\/5{background-color:#ffffff0d}@supports (color:color-mix(in lab, red, red)){.bg-white\\/5{background-color:color-mix(in oklab,var(--color-white)5%,transparent)}}.bg-white\\/15{background-color:#ffffff26}@supports (color:color-mix(in lab, red, red)){.bg-white\\/15{background-color:color-mix(in oklab,var(--color-white)15%,transparent)}}.bg-white\\/55{background-color:#ffffff8c}@supports (color:color-mix(in lab, red, red)){.bg-white\\/55{background-color:color-mix(in oklab,var(--color-white)55%,transparent)}}.bg-white\\/95{background-color:#fffffff2}@supports (color:color-mix(in lab, red, red)){.bg-white\\/95{background-color:color-mix(in oklab,var(--color-white)95%,transparent)}}.bg-white\\/\\[0\\.04\\]{background-color:#ffffff0a}@supports (color:color-mix(in lab, red, red)){.bg-white\\/\\[0\\.04\\]{background-color:color-mix(in oklab,var(--color-white)4%,transparent)}}.bg-gradient-to-b{--tw-gradient-position:to bottom in oklab;background-image:linear-gradient(var(--tw-gradient-stops))}.bg-gradient-to-br{--tw-gradient-position:to bottom right in oklab;background-image:linear-gradient(var(--tw-gradient-stops))}.bg-gradient-to-r{--tw-gradient-position:to right in oklab;background-image:linear-gradient(var(--tw-gradient-stops))}.bg-gradient-to-t{--tw-gradient-position:to top in oklab;background-image:linear-gradient(var(--tw-gradient-stops))}.bg-\\[url\\(\\&\\#x27\\;https\\:\\/\\/www\\.transparenttextures\\.com\\/patterns\\/cubes\\.png\\&\\#x27\\;\\)\\]{background-image:url(" + ___CSS_LOADER_URL_REPLACEMENT_0___ + ")}.bg-\\[url\\(\\'https\\:\\/\\/www\\.transparenttextures\\.com\\/patterns\\/cubes\\.png\\'\\)\\]{background-image:url(https://www.transparenttextures.com/patterns/cubes.png)}.from-\\[\\#01B9EB\\]{--tw-gradient-from:#01b9eb;--tw-gradient-stops:var(--tw-gradient-via-stops,var(--tw-gradient-position),var(--tw-gradient-from)var(--tw-gradient-from-position),var(--tw-gradient-to)var(--tw-gradient-to-position))}.from-\\[\\#EBF6FC\\]{--tw-gradient-from:#ebf6fc;--tw-gradient-stops:var(--tw-gradient-via-stops,var(--tw-gradient-position),var(--tw-gradient-from)var(--tw-gradient-from-position),var(--tw-gradient-to)var(--tw-gradient-to-position))}.from-black\\/20{--tw-gradient-from:#0003}@supports (color:color-mix(in lab, red, red)){.from-black\\/20{--tw-gradient-from:color-mix(in oklab,var(--color-black)20%,transparent)}}.from-black\\/20{--tw-gradient-stops:var(--tw-gradient-via-stops,var(--tw-gradient-position),var(--tw-gradient-from)var(--tw-gradient-from-position),var(--tw-gradient-to)var(--tw-gradient-to-position))}.from-blue-500{--tw-gradient-from:var(--color-blue-500);--tw-gradient-stops:var(--tw-gradient-via-stops,var(--tw-gradient-position),var(--tw-gradient-from)var(--tw-gradient-from-position),var(--tw-gradient-to)var(--tw-gradient-to-position))}.from-primary{--tw-gradient-from:var(--color-primary);--tw-gradient-stops:var(--tw-gradient-via-stops,var(--tw-gradient-position),var(--tw-gradient-from)var(--tw-gradient-from-position),var(--tw-gradient-to)var(--tw-gradient-to-position))}.from-secondary{--tw-gradient-from:var(--color-secondary);--tw-gradient-stops:var(--tw-gradient-via-stops,var(--tw-gradient-position),var(--tw-gradient-from)var(--tw-gradient-from-position),var(--tw-gradient-to)var(--tw-gradient-to-position))}.from-secondary\\/95{--tw-gradient-from:#0092cef2}@supports (color:color-mix(in lab, red, red)){.from-secondary\\/95{--tw-gradient-from:color-mix(in oklab,var(--color-secondary)95%,transparent)}}.from-secondary\\/95{--tw-gradient-stops:var(--tw-gradient-via-stops,var(--tw-gradient-position),var(--tw-gradient-from)var(--tw-gradient-from-position),var(--tw-gradient-to)var(--tw-gradient-to-position))}.from-white{--tw-gradient-from:var(--color-white);--tw-gradient-stops:var(--tw-gradient-via-stops,var(--tw-gradient-position),var(--tw-gradient-from)var(--tw-gradient-from-position),var(--tw-gradient-to)var(--tw-gradient-to-position))}.via-blue-50{--tw-gradient-via:var(--color-blue-50);--tw-gradient-via-stops:var(--tw-gradient-position),var(--tw-gradient-from)var(--tw-gradient-from-position),var(--tw-gradient-via)var(--tw-gradient-via-position),var(--tw-gradient-to)var(--tw-gradient-to-position);--tw-gradient-stops:var(--tw-gradient-via-stops)}.via-secondary\\/60{--tw-gradient-via:#0092ce99}@supports (color:color-mix(in lab, red, red)){.via-secondary\\/60{--tw-gradient-via:color-mix(in oklab,var(--color-secondary)60%,transparent)}}.via-secondary\\/60{--tw-gradient-via-stops:var(--tw-gradient-position),var(--tw-gradient-from)var(--tw-gradient-from-position),var(--tw-gradient-via)var(--tw-gradient-via-position),var(--tw-gradient-to)var(--tw-gradient-to-position);--tw-gradient-stops:var(--tw-gradient-via-stops)}.to-\\[\\#0092CE\\]{--tw-gradient-to:#0092ce;--tw-gradient-stops:var(--tw-gradient-via-stops,var(--tw-gradient-position),var(--tw-gradient-from)var(--tw-gradient-from-position),var(--tw-gradient-to)var(--tw-gradient-to-position))}.to-\\[\\#D9EFF9\\]{--tw-gradient-to:#d9eff9;--tw-gradient-stops:var(--tw-gradient-via-stops,var(--tw-gradient-position),var(--tw-gradient-from)var(--tw-gradient-from-position),var(--tw-gradient-to)var(--tw-gradient-to-position))}.to-indigo-500{--tw-gradient-to:var(--color-indigo-500);--tw-gradient-stops:var(--tw-gradient-via-stops,var(--tw-gradient-position),var(--tw-gradient-from)var(--tw-gradient-from-position),var(--tw-gradient-to)var(--tw-gradient-to-position))}.to-light{--tw-gradient-to:var(--color-light);--tw-gradient-stops:var(--tw-gradient-via-stops,var(--tw-gradient-position),var(--tw-gradient-from)var(--tw-gradient-from-position),var(--tw-gradient-to)var(--tw-gradient-to-position))}.to-primary{--tw-gradient-to:var(--color-primary);--tw-gradient-stops:var(--tw-gradient-via-stops,var(--tw-gradient-position),var(--tw-gradient-from)var(--tw-gradient-from-position),var(--tw-gradient-to)var(--tw-gradient-to-position))}.to-secondary{--tw-gradient-to:var(--color-secondary);--tw-gradient-stops:var(--tw-gradient-via-stops,var(--tw-gradient-position),var(--tw-gradient-from)var(--tw-gradient-from-position),var(--tw-gradient-to)var(--tw-gradient-to-position))}.to-transparent{--tw-gradient-to:transparent;--tw-gradient-stops:var(--tw-gradient-via-stops,var(--tw-gradient-position),var(--tw-gradient-from)var(--tw-gradient-from-position),var(--tw-gradient-to)var(--tw-gradient-to-position))}.fill-\\[\\#0092CE\\]{fill:#0092ce}.fill-gray-200{fill:var(--color-gray-200)}.object-cover{object-fit:cover}.object-center{object-position:center}.object-top{object-position:top}.p-2\\.5{padding:calc(var(--spacing)*2.5)}.p-3{padding:calc(var(--spacing)*3)}.p-4{padding:calc(var(--spacing)*4)}.p-6{padding:calc(var(--spacing)*6)}.p-7{padding:calc(var(--spacing)*7)}.p-8{padding:calc(var(--spacing)*8)}.p-10{padding:calc(var(--spacing)*10)}.px-2\\.5{padding-inline:calc(var(--spacing)*2.5)}.px-3{padding-inline:calc(var(--spacing)*3)}.px-4{padding-inline:calc(var(--spacing)*4)}.px-6{padding-inline:calc(var(--spacing)*6)}.px-7{padding-inline:calc(var(--spacing)*7)}.px-8{padding-inline:calc(var(--spacing)*8)}.py-1{padding-block:calc(var(--spacing)*1)}.py-1\\.5{padding-block:calc(var(--spacing)*1.5)}.py-2{padding-block:calc(var(--spacing)*2)}.py-2\\.5{padding-block:calc(var(--spacing)*2.5)}.py-3{padding-block:calc(var(--spacing)*3)}.py-3\\.5{padding-block:calc(var(--spacing)*3.5)}.py-4{padding-block:calc(var(--spacing)*4)}.py-6{padding-block:calc(var(--spacing)*6)}.py-8{padding-block:calc(var(--spacing)*8)}.py-12{padding-block:calc(var(--spacing)*12)}.py-16{padding-block:calc(var(--spacing)*16)}.py-20{padding-block:calc(var(--spacing)*20)}.py-24{padding-block:calc(var(--spacing)*24)}.py-32{padding-block:calc(var(--spacing)*32)}.pt-0{padding-top:calc(var(--spacing)*0)}.pt-2{padding-top:calc(var(--spacing)*2)}.pt-4{padding-top:calc(var(--spacing)*4)}.pt-6{padding-top:calc(var(--spacing)*6)}.pt-8{padding-top:calc(var(--spacing)*8)}.pt-12{padding-top:calc(var(--spacing)*12)}.pt-16{padding-top:calc(var(--spacing)*16)}.pt-20{padding-top:calc(var(--spacing)*20)}.pb-6{padding-bottom:calc(var(--spacing)*6)}.pb-8{padding-bottom:calc(var(--spacing)*8)}.pb-12{padding-bottom:calc(var(--spacing)*12)}.pb-20{padding-bottom:calc(var(--spacing)*20)}.pl-5{padding-left:calc(var(--spacing)*5)}.pl-6{padding-left:calc(var(--spacing)*6)}.pl-16{padding-left:calc(var(--spacing)*16)}.text-center{text-align:center}.text-left{text-align:left}.font-heading{font-family:var(--font-heading)}.font-sans{font-family:var(--font-sans)}.font-serif{font-family:var(--font-serif)}.text-2xl{font-size:var(--text-2xl);line-height:var(--tw-leading,var(--text-2xl--line-height))}.text-3xl{font-size:var(--text-3xl);line-height:var(--tw-leading,var(--text-3xl--line-height))}.text-4xl{font-size:var(--text-4xl);line-height:var(--tw-leading,var(--text-4xl--line-height))}.text-6xl{font-size:var(--text-6xl);line-height:var(--tw-leading,var(--text-6xl--line-height))}.text-base{font-size:var(--text-base);line-height:var(--tw-leading,var(--text-base--line-height))}.text-lg{font-size:var(--text-lg);line-height:var(--tw-leading,var(--text-lg--line-height))}.text-sm{font-size:var(--text-sm);line-height:var(--tw-leading,var(--text-sm--line-height))}.text-xl{font-size:var(--text-xl);line-height:var(--tw-leading,var(--text-xl--line-height))}.text-xs{font-size:var(--text-xs);line-height:var(--tw-leading,var(--text-xs--line-height))}.text-\\[9\\.5px\\]{font-size:9.5px}.text-\\[9px\\]{font-size:9px}.text-\\[10\\.5px\\]{font-size:10.5px}.text-\\[10px\\]{font-size:10px}.text-\\[11px\\]{font-size:11px}.text-\\[12px\\]{font-size:12px}.text-\\[13\\.5px\\]{font-size:13.5px}.text-\\[14px\\]{font-size:14px}.text-\\[26px\\]{font-size:26px}.text-\\[28px\\]{font-size:28px}.text-\\[30px\\]{font-size:30px}.text-\\[32px\\]{font-size:32px}.text-\\[36px\\]{font-size:36px}.leading-\\[0\\.9\\]{--tw-leading:.9;line-height:.9}.leading-\\[0\\.92\\]{--tw-leading:.92;line-height:.92}.leading-\\[0\\.95\\]{--tw-leading:.95;line-height:.95}.leading-\\[1\\.5\\]{--tw-leading:1.5;line-height:1.5}.leading-\\[1\\.8\\]{--tw-leading:1.8;line-height:1.8}.leading-\\[1\\.75\\]{--tw-leading:1.75;line-height:1.75}.leading-none{--tw-leading:1;line-height:1}.leading-relaxed{--tw-leading:var(--leading-relaxed);line-height:var(--leading-relaxed)}.leading-snug{--tw-leading:var(--leading-snug);line-height:var(--leading-snug)}.leading-tight{--tw-leading:var(--leading-tight);line-height:var(--leading-tight)}.font-bold{--tw-font-weight:var(--font-weight-bold);font-weight:var(--font-weight-bold)}.font-extrabold{--tw-font-weight:var(--font-weight-extrabold);font-weight:var(--font-weight-extrabold)}.font-light{--tw-font-weight:var(--font-weight-light);font-weight:var(--font-weight-light)}.font-medium{--tw-font-weight:var(--font-weight-medium);font-weight:var(--font-weight-medium)}.font-semibold{--tw-font-weight:var(--font-weight-semibold);font-weight:var(--font-weight-semibold)}.tracking-\\[-0\\.01em\\]{--tw-tracking:-.01em;letter-spacing:-.01em}.tracking-\\[0\\.1em\\]{--tw-tracking:.1em;letter-spacing:.1em}.tracking-\\[0\\.12em\\]{--tw-tracking:.12em;letter-spacing:.12em}.tracking-\\[0\\.14em\\]{--tw-tracking:.14em;letter-spacing:.14em}.tracking-\\[0\\.15em\\]{--tw-tracking:.15em;letter-spacing:.15em}.tracking-\\[0\\.16em\\]{--tw-tracking:.16em;letter-spacing:.16em}.tracking-\\[0\\.25em\\]{--tw-tracking:.25em;letter-spacing:.25em}.tracking-\\[0\\.28em\\]{--tw-tracking:.28em;letter-spacing:.28em}.tracking-tight{--tw-tracking:var(--tracking-tight);letter-spacing:var(--tracking-tight)}.tracking-wide{--tw-tracking:var(--tracking-wide);letter-spacing:var(--tracking-wide)}.tracking-wider{--tw-tracking:var(--tracking-wider);letter-spacing:var(--tracking-wider)}.tracking-widest{--tw-tracking:var(--tracking-widest);letter-spacing:var(--tracking-widest)}.whitespace-pre-line{white-space:pre-line}.text-\\[\\#001E3C\\]{color:#001e3c}.text-\\[\\#001E3C\\]\\/35{color:oklab(23.2796% -.0219584 -.0643663/.35)}.text-\\[\\#001E3C\\]\\/40{color:oklab(23.2796% -.0219584 -.0643663/.4)}.text-\\[\\#001E3C\\]\\/45{color:oklab(23.2796% -.0219584 -.0643663/.45)}.text-\\[\\#001E3C\\]\\/55{color:oklab(23.2796% -.0219584 -.0643663/.55)}.text-\\[\\#01B9EB\\]{color:#01b9eb}.text-\\[\\#01B9EB\\]\\/5{color:oklab(73.1925% -.0970988 -.100718/.05)}.text-\\[\\#0092CE\\]{color:#0092ce}.text-\\[\\#0092CE\\]\\/40{color:oklab(62.4738% -.0746965 -.113024/.4)}.text-blue-600{color:var(--color-blue-600)}.text-dark{color:var(--color-dark)}.text-gray-200{color:var(--color-gray-200)}.text-gray-300{color:var(--color-gray-300)}.text-gray-400{color:var(--color-gray-400)}.text-gray-500{color:var(--color-gray-500)}.text-gray-600{color:var(--color-gray-600)}.text-gray-700{color:var(--color-gray-700)}.text-gray-900{color:var(--color-gray-900)}.text-green-600{color:var(--color-green-600)}.text-green-800{color:var(--color-green-800)}.text-primary{color:var(--color-primary)}.text-primary\\/20{color:#00b9eb33}@supports (color:color-mix(in lab, red, red)){.text-primary\\/20{color:color-mix(in oklab,var(--color-primary)20%,transparent)}}.text-primary\\/30{color:#00b9eb4d}@supports (color:color-mix(in lab, red, red)){.text-primary\\/30{color:color-mix(in oklab,var(--color-primary)30%,transparent)}}.text-secondary{color:var(--color-secondary)}.text-white{color:var(--color-white)}.text-white\\/20{color:#fff3}@supports (color:color-mix(in lab, red, red)){.text-white\\/20{color:color-mix(in oklab,var(--color-white)20%,transparent)}}.text-white\\/30{color:#ffffff4d}@supports (color:color-mix(in lab, red, red)){.text-white\\/30{color:color-mix(in oklab,var(--color-white)30%,transparent)}}.text-white\\/40{color:#fff6}@supports (color:color-mix(in lab, red, red)){.text-white\\/40{color:color-mix(in oklab,var(--color-white)40%,transparent)}}.text-white\\/42{color:#ffffff6b}@supports (color:color-mix(in lab, red, red)){.text-white\\/42{color:color-mix(in oklab,var(--color-white)42%,transparent)}}.text-white\\/45{color:#ffffff73}@supports (color:color-mix(in lab, red, red)){.text-white\\/45{color:color-mix(in oklab,var(--color-white)45%,transparent)}}.text-white\\/55{color:#ffffff8c}@supports (color:color-mix(in lab, red, red)){.text-white\\/55{color:color-mix(in oklab,var(--color-white)55%,transparent)}}.text-white\\/60{color:#fff9}@supports (color:color-mix(in lab, red, red)){.text-white\\/60{color:color-mix(in oklab,var(--color-white)60%,transparent)}}.text-white\\/62{color:#ffffff9e}@supports (color:color-mix(in lab, red, red)){.text-white\\/62{color:color-mix(in oklab,var(--color-white)62%,transparent)}}.text-white\\/70{color:#ffffffb3}@supports (color:color-mix(in lab, red, red)){.text-white\\/70{color:color-mix(in oklab,var(--color-white)70%,transparent)}}.text-white\\/80{color:#fffc}@supports (color:color-mix(in lab, red, red)){.text-white\\/80{color:color-mix(in oklab,var(--color-white)80%,transparent)}}.text-white\\/90{color:#ffffffe6}@supports (color:color-mix(in lab, red, red)){.text-white\\/90{color:color-mix(in oklab,var(--color-white)90%,transparent)}}.uppercase{text-transform:uppercase}.italic{font-style:italic}.underline{text-decoration-line:underline}.underline-offset-4{text-underline-offset:4px}.antialiased{-webkit-font-smoothing:antialiased;-moz-osx-font-smoothing:grayscale}.accent-\\[\\#0092CE\\]{accent-color:#0092ce}.opacity-0{opacity:0}.opacity-20{opacity:.2}.opacity-70{opacity:.7}.opacity-80{opacity:.8}.opacity-90{opacity:.9}.opacity-\\[0\\.03\\]{opacity:.03}.opacity-\\[0\\.07\\]{opacity:.07}.mix-blend-overlay{mix-blend-mode:overlay}.shadow{--tw-shadow:0 1px 3px 0 var(--tw-shadow-color,#0000001a),0 1px 2px -1px var(--tw-shadow-color,#0000001a);box-shadow:var(--tw-inset-shadow),var(--tw-inset-ring-shadow),var(--tw-ring-offset-shadow),var(--tw-ring-shadow),var(--tw-shadow)}.shadow-2xl{--tw-shadow:0 25px 50px -12px var(--tw-shadow-color,#00000040);box-shadow:var(--tw-inset-shadow),var(--tw-inset-ring-shadow),var(--tw-ring-offset-shadow),var(--tw-ring-shadow),var(--tw-shadow)}.shadow-\\[0_4px_40px_rgba\\(0\\,146\\,206\\,0\\.10\\)\\]{--tw-shadow:0 4px 40px var(--tw-shadow-color,#0092ce1a);box-shadow:var(--tw-inset-shadow),var(--tw-inset-ring-shadow),var(--tw-ring-offset-shadow),var(--tw-ring-shadow),var(--tw-shadow)}.shadow-lg{--tw-shadow:0 10px 15px -3px var(--tw-shadow-color,#0000001a),0 4px 6px -4px var(--tw-shadow-color,#0000001a);box-shadow:var(--tw-inset-shadow),var(--tw-inset-ring-shadow),var(--tw-ring-offset-shadow),var(--tw-ring-shadow),var(--tw-shadow)}.shadow-md{--tw-shadow:0 4px 6px -1px var(--tw-shadow-color,#0000001a),0 2px 4px -2px var(--tw-shadow-color,#0000001a);box-shadow:var(--tw-inset-shadow),var(--tw-inset-ring-shadow),var(--tw-ring-offset-shadow),var(--tw-ring-shadow),var(--tw-shadow)}.shadow-sm{--tw-shadow:0 1px 3px 0 var(--tw-shadow-color,#0000001a),0 1px 2px -1px var(--tw-shadow-color,#0000001a);box-shadow:var(--tw-inset-shadow),var(--tw-inset-ring-shadow),var(--tw-ring-offset-shadow),var(--tw-ring-shadow),var(--tw-shadow)}.shadow-xl{--tw-shadow:0 20px 25px -5px var(--tw-shadow-color,#0000001a),0 8px 10px -6px var(--tw-shadow-color,#0000001a);box-shadow:var(--tw-inset-shadow),var(--tw-inset-ring-shadow),var(--tw-ring-offset-shadow),var(--tw-ring-shadow),var(--tw-shadow)}.ring{--tw-ring-shadow:var(--tw-ring-inset,)0 0 0 calc(1px + var(--tw-ring-offset-width))var(--tw-ring-color,currentcolor);box-shadow:var(--tw-inset-shadow),var(--tw-inset-ring-shadow),var(--tw-ring-offset-shadow),var(--tw-ring-shadow),var(--tw-shadow)}.ring-4{--tw-ring-shadow:var(--tw-ring-inset,)0 0 0 calc(4px + var(--tw-ring-offset-width))var(--tw-ring-color,currentcolor);box-shadow:var(--tw-inset-shadow),var(--tw-inset-ring-shadow),var(--tw-ring-offset-shadow),var(--tw-ring-shadow),var(--tw-shadow)}.shadow-dark\\/20{--tw-shadow-color:#3333}@supports (color:color-mix(in lab, red, red)){.shadow-dark\\/20{--tw-shadow-color:color-mix(in oklab,color-mix(in oklab,var(--color-dark)20%,transparent)var(--tw-shadow-alpha),transparent)}}.shadow-primary\\/30{--tw-shadow-color:#00b9eb4d}@supports (color:color-mix(in lab, red, red)){.shadow-primary\\/30{--tw-shadow-color:color-mix(in oklab,color-mix(in oklab,var(--color-primary)30%,transparent)var(--tw-shadow-alpha),transparent)}}.ring-white{--tw-ring-color:var(--color-white)}.outline{outline-style:var(--tw-outline-style);outline-width:1px}.blur{--tw-blur:blur(8px);filter:var(--tw-blur,)var(--tw-brightness,)var(--tw-contrast,)var(--tw-grayscale,)var(--tw-hue-rotate,)var(--tw-invert,)var(--tw-saturate,)var(--tw-sepia,)var(--tw-drop-shadow,)}.drop-shadow{--tw-drop-shadow-size:drop-shadow(0 1px 2px var(--tw-drop-shadow-color,#0000001a))drop-shadow(0 1px 1px var(--tw-drop-shadow-color,#0000000f));--tw-drop-shadow:drop-shadow(0 1px 2px #0000001a)drop-shadow(0 1px 1px #0000000f);filter:var(--tw-blur,)var(--tw-brightness,)var(--tw-contrast,)var(--tw-grayscale,)var(--tw-hue-rotate,)var(--tw-invert,)var(--tw-saturate,)var(--tw-sepia,)var(--tw-drop-shadow,)}.grayscale{--tw-grayscale:grayscale(100%);filter:var(--tw-blur,)var(--tw-brightness,)var(--tw-contrast,)var(--tw-grayscale,)var(--tw-hue-rotate,)var(--tw-invert,)var(--tw-saturate,)var(--tw-sepia,)var(--tw-drop-shadow,)}.filter{filter:var(--tw-blur,)var(--tw-brightness,)var(--tw-contrast,)var(--tw-grayscale,)var(--tw-hue-rotate,)var(--tw-invert,)var(--tw-saturate,)var(--tw-sepia,)var(--tw-drop-shadow,)}.transition{transition-property:color,background-color,border-color,outline-color,text-decoration-color,fill,stroke,--tw-gradient-from,--tw-gradient-via,--tw-gradient-to,opacity,box-shadow,transform,translate,scale,rotate,filter,-webkit-backdrop-filter,backdrop-filter,display,content-visibility,overlay,pointer-events;transition-timing-function:var(--tw-ease,var(--default-transition-timing-function));transition-duration:var(--tw-duration,var(--default-transition-duration))}.transition-all{transition-property:all;transition-timing-function:var(--tw-ease,var(--default-transition-timing-function));transition-duration:var(--tw-duration,var(--default-transition-duration))}.transition-colors{transition-property:color,background-color,border-color,outline-color,text-decoration-color,fill,stroke,--tw-gradient-from,--tw-gradient-via,--tw-gradient-to;transition-timing-function:var(--tw-ease,var(--default-transition-timing-function));transition-duration:var(--tw-duration,var(--default-transition-duration))}.transition-opacity{transition-property:opacity;transition-timing-function:var(--tw-ease,var(--default-transition-timing-function));transition-duration:var(--tw-duration,var(--default-transition-duration))}.transition-shadow{transition-property:box-shadow;transition-timing-function:var(--tw-ease,var(--default-transition-timing-function));transition-duration:var(--tw-duration,var(--default-transition-duration))}.transition-transform{transition-property:transform,translate,scale,rotate;transition-timing-function:var(--tw-ease,var(--default-transition-timing-function));transition-duration:var(--tw-duration,var(--default-transition-duration))}.duration-200{--tw-duration:.2s;transition-duration:.2s}.duration-300{--tw-duration:.3s;transition-duration:.3s}.duration-500{--tw-duration:.5s;transition-duration:.5s}.ease-in{--tw-ease:var(--ease-in);transition-timing-function:var(--ease-in)}.ease-in-out{--tw-ease:var(--ease-in-out);transition-timing-function:var(--ease-in-out)}.ease-out{--tw-ease:var(--ease-out);transition-timing-function:var(--ease-out)}.outline-none{--tw-outline-style:none;outline-style:none}.select-none{-webkit-user-select:none;user-select:none}@media (hover:hover){.group-hover\\:translate-x-1:is(:where(.group):hover *){--tw-translate-x:calc(var(--spacing)*1);translate:var(--tw-translate-x)var(--tw-translate-y)}.group-hover\\:scale-105:is(:where(.group):hover *){--tw-scale-x:105%;--tw-scale-y:105%;--tw-scale-z:105%;scale:var(--tw-scale-x)var(--tw-scale-y)}.group-hover\\:scale-110:is(:where(.group):hover *){--tw-scale-x:110%;--tw-scale-y:110%;--tw-scale-z:110%;scale:var(--tw-scale-x)var(--tw-scale-y)}.group-hover\\:bg-primary\\/20:is(:where(.group):hover *){background-color:#00b9eb33}@supports (color:color-mix(in lab, red, red)){.group-hover\\:bg-primary\\/20:is(:where(.group):hover *){background-color:color-mix(in oklab,var(--color-primary)20%,transparent)}}.group-hover\\:text-primary:is(:where(.group):hover *){color:var(--color-primary)}.group-hover\\:opacity-100:is(:where(.group):hover *){opacity:1}}.after\\:absolute:after{content:var(--tw-content);position:absolute}.after\\:right-0:after{content:var(--tw-content);right:calc(var(--spacing)*0)}.after\\:bottom-\\[-8px\\]:after{content:var(--tw-content);bottom:-8px}.after\\:left-0:after{content:var(--tw-content);left:calc(var(--spacing)*0)}.after\\:h-0\\.5:after{content:var(--tw-content);height:calc(var(--spacing)*.5)}.after\\:bg-secondary:after{content:var(--tw-content);background-color:var(--color-secondary)}@media (hover:hover){.hover\\:-translate-y-2:hover{--tw-translate-y:calc(var(--spacing)*-2);translate:var(--tw-translate-x)var(--tw-translate-y)}.hover\\:scale-110:hover{--tw-scale-x:110%;--tw-scale-y:110%;--tw-scale-z:110%;scale:var(--tw-scale-x)var(--tw-scale-y)}.hover\\:gap-3:hover{gap:calc(var(--spacing)*3)}.hover\\:border-\\[\\#0092CE\\]:hover{border-color:#0092ce}.hover\\:border-\\[\\#0092CE\\]\\/25:hover{border-color:oklab(62.4738% -.0746965 -.113024/.25)}.hover\\:border-primary\\/30:hover{border-color:#00b9eb4d}@supports (color:color-mix(in lab, red, red)){.hover\\:border-primary\\/30:hover{border-color:color-mix(in oklab,var(--color-primary)30%,transparent)}}.hover\\:border-primary\\/50:hover{border-color:#00b9eb80}@supports (color:color-mix(in lab, red, red)){.hover\\:border-primary\\/50:hover{border-color:color-mix(in oklab,var(--color-primary)50%,transparent)}}.hover\\:bg-\\[\\#01B9EB\\]:hover{background-color:#01b9eb}.hover\\:bg-\\[\\#01B9EB\\]\\/\\[0\\.08\\]:hover{background-color:oklab(73.1925% -.0970988 -.100718/.08)}.hover\\:bg-\\[\\#0092CE\\]:hover{background-color:#0092ce}.hover\\:bg-\\[\\#EBF6FC\\]:hover{background-color:#ebf6fc}.hover\\:bg-\\[\\#edf7fc\\]:hover{background-color:#edf7fc}.hover\\:bg-black:hover{background-color:var(--color-black)}.hover\\:bg-blue-50:hover{background-color:var(--color-blue-50)}.hover\\:bg-gray-50:hover{background-color:var(--color-gray-50)}.hover\\:bg-gray-100:hover{background-color:var(--color-gray-100)}.hover\\:bg-primary:hover{background-color:var(--color-primary)}.hover\\:bg-primary\\/5:hover{background-color:#00b9eb0d}@supports (color:color-mix(in lab, red, red)){.hover\\:bg-primary\\/5:hover{background-color:color-mix(in oklab,var(--color-primary)5%,transparent)}}.hover\\:bg-secondary:hover{background-color:var(--color-secondary)}.hover\\:bg-white\\/\\[0\\.07\\]:hover{background-color:#ffffff12}@supports (color:color-mix(in lab, red, red)){.hover\\:bg-white\\/\\[0\\.07\\]:hover{background-color:color-mix(in oklab,var(--color-white)7.0%,transparent)}}.hover\\:text-\\[\\#01B9EB\\]:hover{color:#01b9eb}.hover\\:text-\\[\\#0092CE\\]:hover{color:#0092ce}.hover\\:text-primary:hover{color:var(--color-primary)}.hover\\:text-secondary:hover{color:var(--color-secondary)}.hover\\:text-white:hover{color:var(--color-white)}.hover\\:underline:hover{text-decoration-line:underline}.hover\\:opacity-100:hover{opacity:1}.hover\\:shadow-2xl:hover{--tw-shadow:0 25px 50px -12px var(--tw-shadow-color,#00000040);box-shadow:var(--tw-inset-shadow),var(--tw-inset-ring-shadow),var(--tw-ring-offset-shadow),var(--tw-ring-shadow),var(--tw-shadow)}.hover\\:shadow-lg:hover{--tw-shadow:0 10px 15px -3px var(--tw-shadow-color,#0000001a),0 4px 6px -4px var(--tw-shadow-color,#0000001a);box-shadow:var(--tw-inset-shadow),var(--tw-inset-ring-shadow),var(--tw-ring-offset-shadow),var(--tw-ring-shadow),var(--tw-shadow)}.hover\\:shadow-md:hover{--tw-shadow:0 4px 6px -1px var(--tw-shadow-color,#0000001a),0 2px 4px -2px var(--tw-shadow-color,#0000001a);box-shadow:var(--tw-inset-shadow),var(--tw-inset-ring-shadow),var(--tw-ring-offset-shadow),var(--tw-ring-shadow),var(--tw-shadow)}.hover\\:shadow-xl:hover{--tw-shadow:0 20px 25px -5px var(--tw-shadow-color,#0000001a),0 8px 10px -6px var(--tw-shadow-color,#0000001a);box-shadow:var(--tw-inset-shadow),var(--tw-inset-ring-shadow),var(--tw-ring-offset-shadow),var(--tw-ring-shadow),var(--tw-shadow)}.hover\\:grayscale-0:hover{--tw-grayscale:grayscale(0%);filter:var(--tw-blur,)var(--tw-brightness,)var(--tw-contrast,)var(--tw-grayscale,)var(--tw-hue-rotate,)var(--tw-invert,)var(--tw-saturate,)var(--tw-sepia,)var(--tw-drop-shadow,)}}.focus\\:border-\\[\\#0092CE\\]:focus{border-color:#0092ce}.focus\\:border-primary:focus{border-color:var(--color-primary)}.focus\\:ring-2:focus{--tw-ring-shadow:var(--tw-ring-inset,)0 0 0 calc(2px + var(--tw-ring-offset-width))var(--tw-ring-color,currentcolor);box-shadow:var(--tw-inset-shadow),var(--tw-inset-ring-shadow),var(--tw-ring-offset-shadow),var(--tw-ring-shadow),var(--tw-shadow)}.focus\\:ring-\\[\\#0092CE\\]\\/20:focus{--tw-ring-color:oklab(62.4738% -.0746965 -.113024/.2)}.focus\\:ring-primary\\/20:focus{--tw-ring-color:#00b9eb33}@supports (color:color-mix(in lab, red, red)){.focus\\:ring-primary\\/20:focus{--tw-ring-color:color-mix(in oklab,var(--color-primary)20%,transparent)}}.focus\\:outline-none:focus{--tw-outline-style:none;outline-style:none}.has-\\[\\:checked\\]\\:border-\\[\\#0092CE\\]:has(:checked){border-color:#0092ce}.has-\\[\\:checked\\]\\:bg-\\[\\#EBF6FC\\]:has(:checked){background-color:#ebf6fc}.has-\\[\\:checked\\]\\:text-\\[\\#0092CE\\]:has(:checked){color:#0092ce}@media (min-width:40rem){.sm\\:block{display:block}.sm\\:inline{display:inline}.sm\\:h-\\[360px\\]{height:360px}.sm\\:h-\\[380px\\]{height:380px}.sm\\:h-\\[400px\\]{height:400px}.sm\\:w-\\[calc\\(50\\%-16px\\)\\]{width:calc(50% - 16px)}.sm\\:grid-cols-4{grid-template-columns:repeat(4,minmax(0,1fr))}.sm\\:flex-row{flex-direction:row}.sm\\:p-3\\.5{padding:calc(var(--spacing)*3.5)}.sm\\:px-6{padding-inline:calc(var(--spacing)*6)}.sm\\:px-10{padding-inline:calc(var(--spacing)*10)}.sm\\:text-\\[32px\\]{font-size:32px}.sm\\:text-\\[34px\\]{font-size:34px}.sm\\:text-\\[36px\\]{font-size:36px}.sm\\:text-\\[40px\\]{font-size:40px}.sm\\:text-\\[46px\\]{font-size:46px}}@media (min-width:48rem){.md\\:mt-auto{margin-top:auto}.md\\:flex{display:flex}.md\\:hidden{display:none}.md\\:h-48{height:calc(var(--spacing)*48)}.md\\:h-\\[500px\\]{height:500px}.md\\:min-h-\\[260px\\]{min-height:260px}.md\\:w-48{width:calc(var(--spacing)*48)}.md\\:w-\\[38\\%\\]{width:38%}.md\\:flex-shrink-0{flex-shrink:0}.md\\:grid-cols-2{grid-template-columns:repeat(2,minmax(0,1fr))}.md\\:grid-cols-3{grid-template-columns:repeat(3,minmax(0,1fr))}.md\\:grid-cols-4{grid-template-columns:repeat(4,minmax(0,1fr))}.md\\:flex-row{flex-direction:row}.md\\:border-t-0{border-top-style:var(--tw-border-style);border-top-width:0}.md\\:p-10{padding:calc(var(--spacing)*10)}.md\\:px-4{padding-inline:calc(var(--spacing)*4)}.md\\:px-10{padding-inline:calc(var(--spacing)*10)}.md\\:px-14{padding-inline:calc(var(--spacing)*14)}.md\\:py-0{padding-block:calc(var(--spacing)*0)}.md\\:pt-6{padding-top:calc(var(--spacing)*6)}.md\\:pt-20{padding-top:calc(var(--spacing)*20)}.md\\:pt-32{padding-top:calc(var(--spacing)*32)}.md\\:pb-16{padding-bottom:calc(var(--spacing)*16)}.md\\:pb-28{padding-bottom:calc(var(--spacing)*28)}.md\\:text-3xl{font-size:var(--text-3xl);line-height:var(--tw-leading,var(--text-3xl--line-height))}.md\\:text-4xl{font-size:var(--text-4xl);line-height:var(--tw-leading,var(--text-4xl--line-height))}.md\\:text-5xl{font-size:var(--text-5xl);line-height:var(--tw-leading,var(--text-5xl--line-height))}.md\\:text-6xl{font-size:var(--text-6xl);line-height:var(--tw-leading,var(--text-6xl--line-height))}.md\\:text-xl{font-size:var(--text-xl);line-height:var(--tw-leading,var(--text-xl--line-height))}.md\\:text-\\[34px\\]{font-size:34px}.md\\:text-\\[44px\\]{font-size:44px}.md\\:\\[clip-path\\:polygon\\(12\\%_0\\,100\\%_0\\,100\\%_100\\%\\,0_100\\%\\)\\]{clip-path:polygon(12% 0,100% 0,100% 100%,0 100%)}}@media (min-width:64rem){.lg\\:col-span-2{grid-column:span 2/span 2}.lg\\:col-span-3{grid-column:span 3/span 3}.lg\\:mb-6{margin-bottom:calc(var(--spacing)*6)}.lg\\:mb-7{margin-bottom:calc(var(--spacing)*7)}.lg\\:mb-8{margin-bottom:calc(var(--spacing)*8)}.lg\\:mb-10{margin-bottom:calc(var(--spacing)*10)}.lg\\:h-\\[600px\\]{height:600px}.lg\\:h-auto{height:auto}.lg\\:min-h-\\[560px\\]{min-height:560px}.lg\\:w-72{width:calc(var(--spacing)*72)}.lg\\:flex-1{flex:1}.lg\\:flex-\\[0_0_52\\%\\]{flex:0 0 52%}.lg\\:grid-cols-2{grid-template-columns:repeat(2,minmax(0,1fr))}.lg\\:grid-cols-3{grid-template-columns:repeat(3,minmax(0,1fr))}.lg\\:grid-cols-4{grid-template-columns:repeat(4,minmax(0,1fr))}.lg\\:grid-cols-5{grid-template-columns:repeat(5,minmax(0,1fr))}.lg\\:flex-row{flex-direction:row}.lg\\:gap-8{gap:calc(var(--spacing)*8)}.lg\\:gap-16{gap:calc(var(--spacing)*16)}.lg\\:border-r{border-right-style:var(--tw-border-style);border-right-width:1px}.lg\\:border-b-0{border-bottom-style:var(--tw-border-style);border-bottom-width:0}.lg\\:px-8{padding-inline:calc(var(--spacing)*8)}.lg\\:px-14{padding-inline:calc(var(--spacing)*14)}.lg\\:py-16{padding-block:calc(var(--spacing)*16)}.lg\\:py-24{padding-block:calc(var(--spacing)*24)}.lg\\:text-\\[52px\\]{font-size:52px}.lg\\:text-\\[58px\\]{font-size:58px}}}body{color:var(--color-dark);font-family:var(--font-sans);background-color:#fff}@property --tw-translate-x{syntax:\"*\";inherits:false;initial-value:0}@property --tw-translate-y{syntax:\"*\";inherits:false;initial-value:0}@property --tw-translate-z{syntax:\"*\";inherits:false;initial-value:0}@property --tw-rotate-x{syntax:\"*\";inherits:false}@property --tw-rotate-y{syntax:\"*\";inherits:false}@property --tw-rotate-z{syntax:\"*\";inherits:false}@property --tw-skew-x{syntax:\"*\";inherits:false}@property --tw-skew-y{syntax:\"*\";inherits:false}@property --tw-space-y-reverse{syntax:\"*\";inherits:false;initial-value:0}@property --tw-space-x-reverse{syntax:\"*\";inherits:false;initial-value:0}@property --tw-border-style{syntax:\"*\";inherits:false;initial-value:solid}@property --tw-gradient-position{syntax:\"*\";inherits:false}@property --tw-gradient-from{syntax:\"<color>\";inherits:false;initial-value:#0000}@property --tw-gradient-via{syntax:\"<color>\";inherits:false;initial-value:#0000}@property --tw-gradient-to{syntax:\"<color>\";inherits:false;initial-value:#0000}@property --tw-gradient-stops{syntax:\"*\";inherits:false}@property --tw-gradient-via-stops{syntax:\"*\";inherits:false}@property --tw-gradient-from-position{syntax:\"<length-percentage>\";inherits:false;initial-value:0%}@property --tw-gradient-via-position{syntax:\"<length-percentage>\";inherits:false;initial-value:50%}@property --tw-gradient-to-position{syntax:\"<length-percentage>\";inherits:false;initial-value:100%}@property --tw-leading{syntax:\"*\";inherits:false}@property --tw-font-weight{syntax:\"*\";inherits:false}@property --tw-tracking{syntax:\"*\";inherits:false}@property --tw-shadow{syntax:\"*\";inherits:false;initial-value:0 0 #0000}@property --tw-shadow-color{syntax:\"*\";inherits:false}@property --tw-shadow-alpha{syntax:\"<percentage>\";inherits:false;initial-value:100%}@property --tw-inset-shadow{syntax:\"*\";inherits:false;initial-value:0 0 #0000}@property --tw-inset-shadow-color{syntax:\"*\";inherits:false}@property --tw-inset-shadow-alpha{syntax:\"<percentage>\";inherits:false;initial-value:100%}@property --tw-ring-color{syntax:\"*\";inherits:false}@property --tw-ring-shadow{syntax:\"*\";inherits:false;initial-value:0 0 #0000}@property --tw-inset-ring-color{syntax:\"*\";inherits:false}@property --tw-inset-ring-shadow{syntax:\"*\";inherits:false;initial-value:0 0 #0000}@property --tw-ring-inset{syntax:\"*\";inherits:false}@property --tw-ring-offset-width{syntax:\"<length>\";inherits:false;initial-value:0}@property --tw-ring-offset-color{syntax:\"*\";inherits:false;initial-value:#fff}@property --tw-ring-offset-shadow{syntax:\"*\";inherits:false;initial-value:0 0 #0000}@property --tw-outline-style{syntax:\"*\";inherits:false;initial-value:solid}@property --tw-blur{syntax:\"*\";inherits:false}@property --tw-brightness{syntax:\"*\";inherits:false}@property --tw-contrast{syntax:\"*\";inherits:false}@property --tw-grayscale{syntax:\"*\";inherits:false}@property --tw-hue-rotate{syntax:\"*\";inherits:false}@property --tw-invert{syntax:\"*\";inherits:false}@property --tw-opacity{syntax:\"*\";inherits:false}@property --tw-saturate{syntax:\"*\";inherits:false}@property --tw-sepia{syntax:\"*\";inherits:false}@property --tw-drop-shadow{syntax:\"*\";inherits:false}@property --tw-drop-shadow-color{syntax:\"*\";inherits:false}@property --tw-drop-shadow-alpha{syntax:\"<percentage>\";inherits:false;initial-value:100%}@property --tw-drop-shadow-size{syntax:\"*\";inherits:false}@property --tw-duration{syntax:\"*\";inherits:false}@property --tw-ease{syntax:\"*\";inherits:false}@property --tw-scale-x{syntax:\"*\";inherits:false;initial-value:1}@property --tw-scale-y{syntax:\"*\";inherits:false;initial-value:1}@property --tw-scale-z{syntax:\"*\";inherits:false;initial-value:1}@property --tw-content{syntax:\"*\";inherits:false;initial-value:\"\"}", ""]);
18 | // Exports
19 | /* harmony default export */ const __WEBPACK_DEFAULT_EXPORT__ = (___CSS_LOADER_EXPORT___);
20 | 

Import trace for requested module:
./app/globals.css


> Build failed because of webpack errors
